Please correct quantities
invalid quantity for Oil 3
